[proficient-bimsolutions.com/preview/index.html]
[backblue.gif]
[fade.gif]
[index.html]
[proficient-bimsolutions.com/preview/images/favicon.png]
[proficient-bimsolutions.com/preview/about-us.html]
[proficient-bimsolutions.com/preview/architectural-bim-services.html]
[proficient-bimsolutions.com/preview/structural-bim-services.html]
[proficient-bimsolutions.com/preview/interior-bim-services.html]
[proficient-bimsolutions.com/preview/mep-bim-services.html]
[proficient-bimsolutions.com/preview/landscape-bim-services.html]
[proficient-bimsolutions.com/preview/scan-to-bim-services.html]
[proficient-bimsolutions.com/preview/bim-projects.html]
[proficient-bimsolutions.com/preview/contact.html]
[proficient-bimsolutions.com/preview/index-4.html]
[proficient-bimsolutions.com/preview/abo]
[proficient-bimsolutions.com/preview/images/revit-structure.webp]
[proficient-bimsolutions.com/preview/portfolio-masonry.1b.delayed]
[proficient-bimsolutions.com/preview/images/revit-architecture.webp]
[proficient-bimsolutions.com/preview/images/revit-mep-services.webp]
[proficient-bimsolutions.com/preview/images/image2-home1.webp]
[proficient-bimsolutions.com/preview/images/clients/ALYSJ.png]
[proficient-bimsolutions.com/preview/images/clients/images.png]
[proficient-bimsolutions.com/preview/images/clients/Larsen.png]
[proficient-bimsolutions.com/preview/images/clients/red.png]
[proficient-bimsolutions.com/preview/images/clients/slider7.png]
[proficient-bimsolutions.com/preview/images/clients/Voltas.png]
[proficient-bimsolutions.com/preview/images/residential-space.webp]
[proficient-bimsolutions.com/preview/images/commercial-building.webp]
[proficient-bimsolutions.com/preview/images/high-rise-building.webp]
[proficient-bimsolutions.com/preview/images/icons/construction_10941930.png]
[proficient-bimsolutions.com/preview/servcies-detail-1.html]
[proficient-bimsolutions.com/preview/images/icons/joist_605810.png]
[proficient-bimsolutions.com/preview/images/icons/interior-design_2400622.png]
[proficient-bimsolutions.com/preview/images/icons/pipes_10722776.png]
[proficient-bimsolutions.com/preview/images/icons/landscape_16132514.png]
[proficient-bimsolutions.com/preview/images/icons/scanning_11207804.png]
[proficient-bimsolutions.com/preview/portfolio-standar.html]
[proficient-bimsolutions.com/preview/images/projects/ALYSJ-Joint-Venture-Qatar.webp]
[proficient-bimsolutions.com/preview/images/projects/Comfotec-Dubai.webp]
[proficient-bimsolutions.com/preview/images/projects/LnT-Hyderabad.webp]
[proficient-bimsolutions.com/preview/images/projects/Voltas-Qatar.webp]
[proficient-bimsolutions.com/preview/images/projects/IOBG-Mumbai.webp]
[proficient-bimsolutions.com/preview/images/projects/Sterling-Wilson.webp]
[proficient-bimsolutions.com/preview/images/image3-home1.png]
[proficient-bimsolutions.com/preview/blog.37.delayed]
[proficient-bimsolutions.com/preview/post.html]
[proficient-bimsolutions.com/preview/images/grid2.jpg]
[proficient-bimsolutions.com/preview/images/grid1.jpg]
[proficient-bimsolutions.com/preview/js/jquery.min.js]
[proficient-bimsolutions.com/preview/js/mousewheel.min.js]
[proficient-bimsolutions.com/preview/js/lightgallery-all.min.js]
[proficient-bimsolutions.com/preview/js/jquery.magnific-popup.min.js]
[proficient-bimsolutions.com/preview/js/jquery.isotope.min.js]
[proficient-bimsolutions.com/preview/js/owl.carousel.min.js]
[proficient-bimsolutions.com/preview/js/easypiechart.min.js]
[proficient-bimsolutions.com/preview/js/jquery.countdown.min.js]
[proficient-bimsolutions.com/preview/js/scripts.js]
[proficient-bimsolutions.com/preview/js/royal_preloader.min.js]
[proficient-bimsolutions.com/preview/plugins/revolution/revolution/js/jquery.themepunch.tools.min.js]
[proficient-bimsolutions.com/preview/plugins/revolution/revolution/js/jquery.themepunch.revolution.min.js]
[proficient-bimsolutions.com/preview/plugins/revolution/revolution/js/extensions/revolution-plugin.js]
[proficient-bimsolutions.com/preview/js/rev-script-1.js]
[proficient-bimsolutions.com/preview/index.html]
[proficient-bimsolutions.com/preview/images/favicon.html]
[proficient-bimsolutions.com/preview/css/bootstrap.min.css]
[proficient-bimsolutions.com/preview/fonts/fa-brands-400.eot]
[proficient-bimsolutions.com/preview/fonts/fa-brands-400d41d.eot]
[proficient-bimsolutions.com/preview/fonts/fa-brands-400.woff]
[proficient-bimsolutions.com/preview/fonts/fa-brands-400.ttf]
[proficient-bimsolutions.com/preview/fonts/fa-regular-400.eot]
[proficient-bimsolutions.com/preview/fonts/fa-regular-400d41d.eot]
[proficient-bimsolutions.com/preview/fonts/fa-regular-400.woff]
[proficient-bimsolutions.com/preview/fonts/fa-regular-400.ttf]
[proficient-bimsolutions.com/preview/fonts/fa-solid-900.eot]
[proficient-bimsolutions.com/preview/fonts/fa-solid-900d41d.eot]
[proficient-bimsolutions.com/preview/fonts/fa-solid-900.woff]
[proficient-bimsolutions.com/preview/fonts/fa-solid-900.ttf]
[proficient-bimsolutions.com/preview/css/font-awesome.min.css]
[proficient-bimsolutions.com/preview/fonts/Flaticon.eot]
[proficient-bimsolutions.com/preview/fonts/Flaticond41d.eot]
[proficient-bimsolutions.com/preview/fonts/Flaticon.woff]
[proficient-bimsolutions.com/preview/fonts/Flaticon.ttf]
[proficient-bimsolutions.com/preview/css/Flaticon.svg]
[proficient-bimsolutions.com/preview/css/flaticon.css]
[proficient-bimsolutions.com/preview/css/owl.video.play.png]
[proficient-bimsolutions.com/preview/css/owl.carousel.min.css]
[proficient-bimsolutions.com/preview/css/owl.theme.css]
[proficient-bimsolutions.com/preview/css/magnific-popup.css]
[proficient-bimsolutions.com/preview/fonts/lgd641.eot]
[proficient-bimsolutions.com/preview/fonts/lgd41d.eot]
[proficient-bimsolutions.com/preview/fonts/lgd641.woff]
[proficient-bimsolutions.com/preview/fonts/lgd641.ttf]
[proficient-bimsolutions.com/preview/img/vimeo-play.png]
[proficient-bimsolutions.com/preview/img/video-play.png]
[proficient-bimsolutions.com/preview/img/youtube-play.png]
[proficient-bimsolutions.com/preview/images/loading.gif]
[proficient-bimsolutions.com/preview/css/lightgallery.css]
[proficient-bimsolutions.com/preview/css/woocommerce.css]
[proficient-bimsolutions.com/preview/css/royal-preload.css]
[via.placeholder.com/189x150.png]
[via.placeholder.com/340x950.png]
[via.placeholder.com/270x370.png]
[via.placeholder.com/32x32.png]
[via.placeholder.com/870x290.png]
[via.placeholder.com/1920x500.png]
[proficient-bimsolutions.com/preview/images/bg/bg-contactus.webp]
[proficient-bimsolutions.com/preview/images/bg/bg-aboutus.webp]
[proficient-bimsolutions.com/preview/images/bg/bg-architecture.webp]
[proficient-bimsolutions.com/preview/images/bg/bg-structural.webp]
[proficient-bimsolutions.com/preview/images/bg/bg-interior-design.webp]
[proficient-bimsolutions.com/preview/images/bg/bg-mep.webp]
[proficient-bimsolutions.com/preview/images/bg/bg-scan-bim.webp]
[proficient-bimsolutions.com/preview/images/bg/bg-landscape.webp]
[proficient-bimsolutions.com/preview/images/bg/projects-bg.jpg]
[proficient-bimsolutions.com/preview/images/bg1-contact.jpg]
[via.placeholder.com/411x610.png]
[proficient-bimsolutions.com/preview/images/bg-iconbox1.jpg]
[proficient-bimsolutions.com/preview/images/bg-iconbox2.jpg]
[proficient-bimsolutions.com/preview/images/bg-iconbox3.jpg]
[via.placeholder.com/715x628.png]
[proficient-bimsolutions.com/preview/images/bg-iconbox2-hover.jpg]
[proficient-bimsolutions.com/preview/images/bg-iconbox3-hover.jpg]
[via.placeholder.com/169x169.png]
[proficient-bimsolutions.com/preview/images/bg/bg1-aboutus.jpg]
[proficient-bimsolutions.com/preview/images/bg/bg2-aboutus.jpg]
[via.placeholder.com/1920x975.png]
[via.placeholder.com/1920x1577.png]
[via.placeholder.com/770x485.png]
[via.placeholder.com/1920x1612.png]
[via.placeholder.com/1183x533.png]
[via.placeholder.com/412x533.png]
[via.placeholder.com/375x375.png]
[via.placeholder.com/1920x505.png]
[proficient-bimsolutions.com/preview/images/bg1-home1.jpg]
[via.placeholder.com/1920x950.png]
[via.placeholder.com/1920x1080.png]
[via.placeholder.com/720x654.png]
[via.placeholder.com/1920x130.png]
[via.placeholder.com/1920x1415.png]
[via.placeholder.com/156x142.png]
[via.placeholder.com/1920x1000.png]
[via.placeholder.com/1648x1142.png]
[via.placeholder.com/827x886.png]
[via.placeholder.com/869x640.png]
[via.placeholder.com/1920x200.png]
[via.placeholder.com/1920x808.png]
[via.placeholder.com/1145x160.png]
[via.placeholder.com/1510x510.png]
[via.placeholder.com/1920x1281.png]
[via.placeholder.com/1920x865.png]
[proficient-bimsolutions.com/preview/style.css]
[proficient-bimsolutions.com/preview/plugins/revolution/revolution/fonts/revicons/revicons90c6.eot]
[proficient-bimsolutions.com/preview/plugins/revolution/revolution/fonts/revicons/revicons90c6.woff]
[proficient-bimsolutions.com/preview/plugins/revolution/revolution/fonts/revicons/revicons90c6.ttf]
[proficient-bimsolutions.com/preview/plugins/revolution/revolution/assets/gridtile.png]
[proficient-bimsolutions.com/preview/plugins/revolution/revolution/assets/gridtile_white.png]
[proficient-bimsolutions.com/preview/plugins/revolution/revolution/assets/gridtile_3x3.png]
[proficient-bimsolutions.com/preview/plugins/revolution/revolution/assets/gridtile_3x3_white.png]
[proficient-bimsolutions.com/preview/plugins/revolution/revolution/assets/coloredbg.png]
[proficient-bimsolutions.com/preview/plugins/revolution/revolution/assets/loader.gif]
[proficient-bimsolutions.com/preview/plugins/revolution/revolution/css/settings.css]
[proficient-bimsolutions.com/preview/plugins/revolution/revolution/css/navigation.css]
[proficient-bimsolutions.com/preview/images/logo.svg]
[proficient-bimsolutions.com/preview/images/image1-aboutus.png]
[proficient-bimsolutions.com/preview/images/support1.jpg]
[proficient-bimsolutions.com/preview/images/support2.jpg]
[proficient-bimsolutions.com/preview/images/support3.jpg]
[proficient-bimsolutions.com/preview/images/image2-aboutus.png]
[proficient-bimsolutions.com/preview/about-us.html]
[proficient-bimsolutions.com/preview/images/services/architectural-bim-services.webp]
[proficient-bimsolutions.com/preview/architectural-bim-services.html]
[proficient-bimsolutions.com/preview/images/services/structural-bim-services.webp]
[proficient-bimsolutions.com/preview/structural-bim-services.html]
[proficient-bimsolutions.com/preview/images/services/interior-bim-services.jpg]
[proficient-bimsolutions.com/preview/interior-bim-services.html]
[proficient-bimsolutions.com/preview/images/services/mep-bim-services.webp]
[proficient-bimsolutions.com/preview/mep-bim-services.html]
[proficient-bimsolutions.com/preview/images/services/landscape-bim-services.webp]
[proficient-bimsolutions.com/preview/landscape-bim-services.html]
[proficient-bimsolutions.com/preview/images/services/scan-to-bim-services.webp]
[proficient-bimsolutions.com/preview/scan-to-bim-services.html]
[proficient-bimsolutions.com/preview/images/projects/new/Voltas-Qatar.jpg]
[proficient-bimsolutions.com/preview/images/projects/new/Comfotec-Dubai.jpg]
[proficient-bimsolutions.com/preview/images/projects/new/Comfotec-Dubai-Tiara-Tower.jpg]
[proficient-bimsolutions.com/preview/images/projects/new/LnT-Hyderabad.jpg]
[proficient-bimsolutions.com/preview/images/projects/new/ALYSJ-Joint-Venture-Qatar.jpg]
[proficient-bimsolutions.com/preview/images/projects/new/Voltas-India.jpg]
[proficient-bimsolutions.com/preview/images/projects/new/LnT-Hyderabad-IIT.jpg]
[proficient-bimsolutions.com/preview/images/projects/new/IOBG-Mumbai.jpg]
[proficient-bimsolutions.com/preview/images/projects/new/Sterling-Wilson.jpg]
[proficient-bimsolutions.com/preview/images/projects/new/Voltas.jpg]
[proficient-bimsolutions.com/preview/bim-projects.html]
[proficient-bimsolutions.com/preview/contact.html]
[proficient-bimsolutions.com/preview/index-4.html]
[proficient-bimsolutions.com/preview/abo.html]
[proficient-bimsolutions.com/preview/portfolio-masonry.html]
[proficient-bimsolutions.com/preview/servcies-detail-1.html]
[proficient-bimsolutions.com/preview/portfolio-standar.html]
[proficient-bimsolutions.com/preview/blog.html]
[proficient-bimsolutions.com/preview/post.html]
[proficient-bimsolutions.com/preview/images/logo-footer.svg]
[proficient-bimsolutions.com/preview/fonts/fa-brands-400.html]
[proficient-bimsolutions.com/preview/fonts/fa-brands-400.svg]
[proficient-bimsolutions.com/preview/fonts/fa-regular-400.html]
[proficient-bimsolutions.com/preview/fonts/fa-regular-400.svg]
[proficient-bimsolutions.com/preview/fonts/fa-solid-900.html]
[proficient-bimsolutions.com/preview/fonts/fa-solid-900.svg]
[proficient-bimsolutions.com/preview/fonts/Flaticon.html]
[proficient-bimsolutions.com/preview/fonts/Flaticon.svg]
[proficient-bimsolutions.com/preview/css/Flaticon.html]
[proficient-bimsolutions.com/preview/css/owl.video.play.html]
[proficient-bimsolutions.com/preview/fonts/lgd641.svg]
[proficient-bimsolutions.com/preview/img/vimeo-play.html]
[proficient-bimsolutions.com/preview/img/video-play.html]
[proficient-bimsolutions.com/preview/img/youtube-play.html]
[proficient-bimsolutions.com/preview/plugins/revolution/revolution/fonts/revicons/revicons90c6.svg]
[proficient-bimsolutions.com/preview/plugins/revolution/revolution/css/openhand.html]
[proficient-bimsolutions.com/preview/plugins/revolution/revolution/css/closedhand.html]
[proficient-bimsolutions.com/preview/images/bg-iconbox1-hover.jpg]
